[backblue.gif]
[fade.gif]
[index.html]
[forum.ebxtalk.org/rss/public]
[storage.proboards.com/forum/css/0/forum_base_1144.css]
[storage.proboards.com/7417357/css/nCbMcQsVoHLCkDSyKQVG.css]
[storage.proboards.com/forum/css/0/print_1144.css]
[www.google-analytics.com/analytics.js]
[storage.proboards.com/7417357/js/eftzSuRVFwhiKmkLIdmI.js]
[storage.proboards.com/7417357/css/NtjYDLWanHV0SkSnE0lr.css]
[storage.proboards.com/7417357/js/wovPCwnqvF0gAlqaCxju.js]
[storage.proboards.com/7417357/js/MFK0FCJqmXsaqcqMcItr.js]
[storage.proboards.com/forum/images/icons/board-no-new-post.png]
[iframely.net/embed.js]
[storage.proboards.com/forum/js/proboards.combined_1144.js]
[storage.proboards.com/forum/images/icons/board-new-post.png]
[storage.proboards.com/forum/images/info/stats.png]
[storage.proboards.com/forum/images/info/members.png]
[storage.proboards.com/forum/images/info/online.png]
[storage.proboards.com/forum/images/info/online_24.png]
[sb.scorecardresearch.com/internal-cs/default/beacon.js]
[forum.ebxtalk.org/index.html]
[storage.proboards.com/forum/images/loader/circle-16x16.gif]
[storage.proboards.com/forum/css/0/forum_base_1144.css]
[tcr.tynt.com/ti.js]
[storage.proboards.com/forum/images/banners/image-default.png]
[storage.proboards.com/forum/images/gradients/wave.png]
[storage.proboards.com/forum/images/ui-icons.png]
[storage.proboards.com/forum/images/gradients/bar.png]
[storage.proboards.com/forum/images/gradients/light.png]
[storage.proboards.com/forum/images/gradients/top-light-40-trans.png]
[storage.proboards.com/forum/images/icons-default.png]
[storage.proboards.com/forum/images/loader/processing.gif]
[storage.proboards.com/7417357/css/nCbMcQsVoHLCkDSyKQVG.css]
[storage.proboards.com/forum/css/0/print_1144.css]
[www.google.com/recaptcha/apia141.js]
[forum.ebxtalk.org/search.html]
[forum.ebxtalk.org/page/discord.html]
[storage.proboards.com/forum/images/icons/thread-sticky.png]
[storage.proboards.com/forum/images/icons/bookmark.png]
[storage.proboards.com/forum/images/icons/lock.png]
[storage.proboards.com/forum/images/icons/falling.png]
[storage.proboards.com/forum/images/icons/thread.png]
[storage.proboards.com/forum/images/icons/thread-announcement.png]
[storage.proboards.com/forum/images/icons/thread-locked.png]
[storage.proboards.com/forum/images/icons/poll.png]
[storage.proboards.com/forum/images/info/description.png]
[forum.ebxtalk.org/board/1/ebx-discussion.html]
[forum.ebxtalk.org/board/7/news-updates.html]
[forum.ebxtalk.org/board/9/mining.html]
[forum.ebxtalk.org/board/5/meta.html]
[forum.ebxtalk.org/board/3/off-topic.html]
[forum.ebxtalk.org/%page_url%.html]
[storage.proboards.com/7417357/css/NtjYDLWanHV0SkSnE0lr.css]
[forum.ebxtalk.org/user/1.html]
[storage.proboards.com/forum/images/stars/star_red.png]
[storage.proboards.com/7417357/avatar/AAZJWEwfIxvSFLgfpeMo.jpg]
[storage.proboards.com/forum/images/stars/star.png]
[storage.proboards.com/7417357/avatar/fTGqbQiVRavkMnzdaTxv.jpg]
[storage.proboards.com/forum/images/defaultavatar.png]
[storage.proboards.com/7417357/avatar/qGn0iTIqsbBuiGasGHrp.jpg]
[storage.proboards.com/7417357/avatar/KWuOCkVLtJgGJUPGDkgZ.jpg]
[storage.proboards.com/7417357/avatar/ekZfcQUtmgetNEzs0Kgl.png]
[storage.proboards.com/forum/images/icons/male.png]
[forum.ebxtalk.org/thread/3/ebx-bounty-introduce2894.html]
[forum.ebxtalk.org/user/33.html]
[forum.ebxtalk.org/thread/19/introducing-ebx-talk-nod-forum6d38.html]
[storage.proboards.com/7417357/avatar/c0CDyuamKTJEiNeYNBlW.png]
[forum.ebxtalk.org/thread/5/daily-chit-chat4f36.html]
[forum.ebxtalk.org/user/4.html]
[forum.ebxtalk.org/threads/recent.html]
[storage.proboards.com/forum/images/smiley/smiley.png]
[storage.proboards.com/7417357/thumbnailer/izgdcO0tpNdMAExBGnKB.png]
[storage.proboards.com/7417357/thumbnailer/ONMqILGZwMDLSwiOWPQp.png]
[storage.proboards.com/7417357/thumbnailer/AzhIEkOhuptfjEMirpqx.png]
[storage.proboards.com/7417357/thumbnailer/gzDoXlVoD0eZRpnFQZVD.png]
[storage.proboards.com/7417357/thumbnailer/qOJQTBBFBFbocSZwFqnC.png]
[storage.proboards.com/7417357/thumbnailer/zFaJjpdDxNaYyDbuUCOY.png]
[storage.proboards.com/7417357/thumbnailer/0hZTvCMndB0teVeNHfAB.png]
[storage.proboards.com/7417357/thumbnailer/OZefSffeyBVoaZlZzCWm.png]
[storage.proboards.com/7417357/thumbnailer/tNFVoBXqjPlQCsIRvGTM.png]
[storage.proboards.com/7417357/thumbnailer/ItLtaCfGhYKPgZrIdyoj.jpg]
[storage.proboards.com/7417357/thumbnailer/UqaCAXDKrDYzZTgzLvoH.png]
[forum.ebxtalk.org/posts/recent.html]
[forum.ebxtalk.org/members40ea.html]
[forum.ebxtalk.org/members47a6.html]
[forum.ebxtalk.org/user/20.html]
[forum.ebxtalk.org/page/%page_url%.html]
[forum.ebxtalk.org/board/1/%page_url%.html]
[forum.ebxtalk.org/thread/18/earthbucks-1-demo-2-discussion47ad.html]
[forum.ebxtalk.org/thread/new/1.html]
[forum.ebxtalk.org/thread/2/rules7c2c.html]
[forum.ebxtalk.org/thread/2/rules.html]
[forum.ebxtalk.org/thread/7/ebx27fe.html]
[forum.ebxtalk.org/thread/7/ebx.html]
[forum.ebxtalk.org/thread/3/ebx-bounty-introduce.html]
[forum.ebxtalk.org/thread/3/ebx-bounty-introduce2679.html]
[storage.proboards.com/7417357/avatar/RoQoktEEsLuKWSJqhmnL.png]
[storage.proboards.com/7417357/avatar/YlnBrwRCLekQXeDZGGok.png]
[storage.proboards.com/7417357/avatar/QnCgcbuUSDxfhEyHvgXE.png]
[storage.proboards.com/forum/images/smiley/nerd.png]
[forum.ebxtalk.org/thread/3/ebx-bounty-introduce4658.html]
[forum.ebxtalk.org/thread/3/ebx-bounty-introduce9ba9.html]
[storage.proboards.com/forum/images/smiley/wink.png]
[forum.ebxtalk.org/thread/8/happened-earthbucks-discord-server5d01.html]
[forum.ebxtalk.org/thread/8/happened-earthbucks-discord-server.html]
[forum.ebxtalk.org/user/5.html]
[forum.ebxtalk.org/thread/6/ryande9e.html]
[forum.ebxtalk.org/thread/6/ryan.html]
[forum.ebxtalk.org/user/9.html]
[forum.ebxtalk.org/thread/4/hello1b24.html]
[forum.ebxtalk.org/thread/4/hello.html]
[forum.ebxtalk.org/board/7/%page_url%.html]
[forum.ebxtalk.org/thread/13/earthbucks-news-sites8af2.html]
[forum.ebxtalk.org/thread/13/earthbucks-news-sites.html]
[forum.ebxtalk.org/thread/18/earthbucks-1-demo-2-discussion.html]
[forum.ebxtalk.org/thread/17/introducing-earthbucks-134fd.html]
[forum.ebxtalk.org/thread/17/introducing-earthbucks-1.html]
[forum.ebxtalk.org/thread/16/earthbucks-p2p-network-bch-wallet13c4.html]
[forum.ebxtalk.org/thread/16/earthbucks-p2p-network-bch-wallet.html]
[forum.ebxtalk.org/thread/15/free-joining-forum-first-users3c83.html]
[forum.ebxtalk.org/thread/15/free-joining-forum-first-users.html]
[forum.ebxtalk.org/thread/9/why-decided-earn-more-money5d65.html]
[forum.ebxtalk.org/thread/9/why-decided-earn-more-money.html]
[forum.ebxtalk.org/user/2.html]
[forum.ebxtalk.org/thread/11/solution-rare-block-problemd241.html]
[forum.ebxtalk.org/thread/11/solution-rare-block-problem.html]
[forum.ebxtalk.org/thread/10/building-ai-app-next-earthbucks482f.html]
[forum.ebxtalk.org/thread/10/building-ai-app-next-earthbucks.html]
[forum.ebxtalk.org/board/9/%page_url%.html]
[forum.ebxtalk.org/thread/new/9.html]
[forum.ebxtalk.org/board/5/%page_url%.html]
[forum.ebxtalk.org/thread/new/5.html]
[forum.ebxtalk.org/thread/19/introducing-ebx-talk-nod-forum.html]
[storage.proboards.com/7417357/thumbnailer/hWteGxSIPynDtWaYDZjg.jpg]
[storage.proboards.com/7417357/thumbnailer/PVXlMBYFsdlbvSfdIaBW.jpg]
[storage.proboards.com/7417357/thumbnailer/RMBgvDEntRsVYuoMH0fY.jpg]
[forum.ebxtalk.org/thread/12/ebx-talk-discord0105.html]
[forum.ebxtalk.org/thread/12/ebx-talk-discord.html]
[forum.ebxtalk.org/thread/14/ebx-talk-phone-alerts2521.html]
[forum.ebxtalk.org/thread/14/ebx-talk-phone-alerts.html]
[forum.ebxtalk.org/board/3/%page_url%.html]
[forum.ebxtalk.org/thread/new/3.html]
[forum.ebxtalk.org/thread/5/daily-chit-chat.html]
[forum.ebxtalk.org/user/%page_url%.html]
[forum.ebxtalk.org/thread/3/%page_url%.html]
[forum.ebxtalk.org/post/new/3.html]
[forum.ebxtalk.org/user/3.html]
[forum.ebxtalk.org/post/3/quote/3.html]
[forum.ebxtalk.org/user/1/gift.html]
[forum.ebxtalk.org/post/4/quote/3.html]
[forum.ebxtalk.org/user/3/gift.html]
[forum.ebxtalk.org/post/5/quote/3.html]
[forum.ebxtalk.org/thread/3/ebx-bounty-introduced212.html]
[forum.ebxtalk.org/post/6/quote/3.html]
[forum.ebxtalk.org/user/4/gift.html]
[forum.ebxtalk.org/user/6.html]
[forum.ebxtalk.org/post/7/quote/3.html]
[forum.ebxtalk.org/user/6/gift.html]
[forum.ebxtalk.org/user/8.html]
[forum.ebxtalk.org/post/10/quote/3.html]
[forum.ebxtalk.org/user/8/gift.html]
[forum.ebxtalk.org/post/11/quote/3.html]
[forum.ebxtalk.org/thread/3/ebx-bounty-introduce1e87.html]
[forum.ebxtalk.org/post/14/quote/3.html]
[forum.ebxtalk.org/user/2/gift.html]
[forum.ebxtalk.org/user/11.html]
[forum.ebxtalk.org/post/15/quote/3.html]
[forum.ebxtalk.org/user/11/gift.html]
[forum.ebxtalk.org/user/13.html]
[forum.ebxtalk.org/post/16/quote/3.html]
[forum.ebxtalk.org/user/13/gift.html]
[forum.ebxtalk.org/user/14.html]
[forum.ebxtalk.org/post/17/quote/3.html]
[forum.ebxtalk.org/user/14/gift.html]
[forum.ebxtalk.org/user/15.html]
[forum.ebxtalk.org/post/19/quote/3.html]
[forum.ebxtalk.org/user/15/gift.html]
[forum.ebxtalk.org/user/16.html]
[forum.ebxtalk.org/post/21/quote/3.html]
[forum.ebxtalk.org/user/16/gift.html]
[forum.ebxtalk.org/user/17.html]
[forum.ebxtalk.org/post/23/quote/3.html]
[forum.ebxtalk.org/user/17/gift.html]
[forum.ebxtalk.org/user/18.html]
[forum.ebxtalk.org/post/24/quote/3.html]
[forum.ebxtalk.org/user/18/gift.html]
[forum.ebxtalk.org/thread/19/introducing-ebx-talk-nod-forum2679.html]
[forum.ebxtalk.org/thread/19/%page_url%.html]
[forum.ebxtalk.org/post/new/19.html]
[forum.ebxtalk.org/post/76/quote/19.html]
[forum.ebxtalk.org/thread/5/daily-chit-chat2679.html]
[forum.ebxtalk.org/thread/5/%page_url%.html]
[forum.ebxtalk.org/post/new/5.html]
[forum.ebxtalk.org/post/9/quote/5.html]
[forum.ebxtalk.org/post/18/quote/5.html]
[forum.ebxtalk.org/post/20/quote/5.html]
[forum.ebxtalk.org/user/5/gift.html]
[forum.ebxtalk.org/post/50/quote/5.html]
[forum.ebxtalk.org/threads/%page_url%.html]
[forum.ebxtalk.org/posts/%page_url%.html]
[forum.ebxtalk.org/posts/recent4658.html]
[forum.ebxtalk.org/posts/recent9ba9.html]
[forum.ebxtalk.org/posts/recentfdb0.html]
[forum.ebxtalk.org/posts/recentaf4d.html]
[forum.ebxtalk.org/post/75/quote/3.html]
[forum.ebxtalk.org/user/33/gift.html]
[forum.ebxtalk.org/post/74/quote/18.html]
[forum.ebxtalk.org/post/73/quote/17.html]
[forum.ebxtalk.org/post/72/quote/16.html]
[forum.ebxtalk.org/post/71/quote/15.html]
[forum.ebxtalk.org/post/70/quote/14.html]
[forum.ebxtalk.org/attachment/download/13.html]
[forum.ebxtalk.org/attachment/download/14.html]
[forum.ebxtalk.org/attachment/download/15.html]
[forum.ebxtalk.org/post/69/quote/14.html]
[forum.ebxtalk.org/attachment/download/10.html]
[forum.ebxtalk.org/attachment/download/11.html]
[forum.ebxtalk.org/attachment/download/12.html]
[forum.ebxtalk.org/post/68/quote/14.html]
[forum.ebxtalk.org/attachment/download/7.html]
[forum.ebxtalk.org/attachment/download/8.html]
[forum.ebxtalk.org/attachment/download/9.html]
[forum.ebxtalk.org/post/67/quote/8.html]
[forum.ebxtalk.org/thread/8/happened-earthbucks-discord-server0040.html]
[forum.ebxtalk.org/user/26.html]
[forum.ebxtalk.org/thread/8/happened-earthbucks-discord-server6980.html]
[forum.ebxtalk.org/user/30.html]
[forum.ebxtalk.org/post/66/quote/8.html]
[forum.ebxtalk.org/user/26/gift.html]
[forum.ebxtalk.org/post/65/quote/12.html]
[forum.ebxtalk.org/attachment/download/5.html]
[forum.ebxtalk.org/attachment/download/6.html]
[forum.ebxtalk.org/user/27.html]
[forum.ebxtalk.org/post/64/quote/3.html]
[forum.ebxtalk.org/user/27/gift.html]
[forum.ebxtalk.org/post/63/quote/13.html]
[forum.ebxtalk.org/post/62/quote/3.html]
[forum.ebxtalk.org/page/%page_url%-2.html]
[forum.ebxtalk.org/board/1/%page_url%-2.html]
[forum.ebxtalk.org/thread/18/earthbucks-1-demo-2-discussion2679.html]
[forum.ebxtalk.org/thread/18/%page_url%.html]
[forum.ebxtalk.org/post/new/18.html]
[forum.ebxtalk.org/thread/new/%page_url%.html]
[forum.ebxtalk.org/thread/2/rules2679.html]
[forum.ebxtalk.org/thread/2/%page_url%.html]
[forum.ebxtalk.org/post/new/2.html]
[forum.ebxtalk.org/post/2/quote/2.html]
[forum.ebxtalk.org/thread/7/ebx2679.html]
[forum.ebxtalk.org/thread/7/%page_url%.html]
[forum.ebxtalk.org/post/new/7.html]
[forum.ebxtalk.org/post/22/quote/7.html]
[forum.ebxtalk.org/user/19.html]
[forum.ebxtalk.org/post/25/quote/3.html]
[forum.ebxtalk.org/user/19/gift.html]
[forum.ebxtalk.org/post/26/quote/3.html]
[forum.ebxtalk.org/post/27/quote/3.html]
[forum.ebxtalk.org/user/20/gift.html]
[forum.ebxtalk.org/user/21.html]
[forum.ebxtalk.org/post/29/quote/3.html]
[forum.ebxtalk.org/user/21/gift.html]
[forum.ebxtalk.org/post/30/quote/3.html]
[forum.ebxtalk.org/thread/3/ebx-bounty-introduce9efe.html]
[forum.ebxtalk.org/user/10.html]
[forum.ebxtalk.org/post/31/quote/3.html]
[forum.ebxtalk.org/user/10/gift.html]
[forum.ebxtalk.org/post/32/quote/3.html]
[forum.ebxtalk.org/user/22.html]
[forum.ebxtalk.org/post/33/quote/3.html]
[forum.ebxtalk.org/user/22/gift.html]
[forum.ebxtalk.org/user/23.html]
[forum.ebxtalk.org/post/35/quote/3.html]
[forum.ebxtalk.org/user/23/gift.html]
[forum.ebxtalk.org/user/25.html]
[forum.ebxtalk.org/post/39/quote/3.html]
[forum.ebxtalk.org/user/25/gift.html]
[forum.ebxtalk.org/post/47/quote/3.html]
[forum.ebxtalk.org/user/29.html]
[forum.ebxtalk.org/post/51/quote/3.html]
[forum.ebxtalk.org/user/29/gift.html]
[forum.ebxtalk.org/user/32.html]
[forum.ebxtalk.org/post/55/quote/3.html]
[forum.ebxtalk.org/user/32/gift.html]
[forum.ebxtalk.org/user/31.html]
[forum.ebxtalk.org/post/56/quote/3.html]
[forum.ebxtalk.org/user/31/gift.html]
[forum.ebxtalk.org/thread/8/happened-earthbucks-discord-server2679.html]
[forum.ebxtalk.org/thread/8/%page_url%.html]
[forum.ebxtalk.org/post/new/8.html]
[forum.ebxtalk.org/post/34/quote/8.html]
[forum.ebxtalk.org/post/36/quote/8.html]
[forum.ebxtalk.org/post/37/quote/8.html]
[forum.ebxtalk.org/thread/8/happened-earthbucks-discord-server0bb5.html]
[forum.ebxtalk.org/post/42/quote/8.html]
[forum.ebxtalk.org/post/43/quote/8.html]
[forum.ebxtalk.org/thread/8/happened-earthbucks-discord-server1082.html]
[forum.ebxtalk.org/post/44/quote/8.html]
[forum.ebxtalk.org/thread/8/happened-earthbucks-discord-server3885.html]
[forum.ebxtalk.org/post/45/quote/8.html]
[forum.ebxtalk.org/thread/8/happened-earthbucks-discord-server1b86.html]
[forum.ebxtalk.org/post/48/quote/8.html]
[forum.ebxtalk.org/post/49/quote/8.html]
[forum.ebxtalk.org/thread/8/happened-earthbucks-discord-server06ca.html]
[forum.ebxtalk.org/post/53/quote/8.html]
[forum.ebxtalk.org/post/54/quote/8.html]
[forum.ebxtalk.org/user/30/gift.html]
[forum.ebxtalk.org/thread/6/ryan2679.html]
[forum.ebxtalk.org/thread/6/%page_url%.html]
[forum.ebxtalk.org/post/new/6.html]
[forum.ebxtalk.org/post/12/quote/6.html]
[forum.ebxtalk.org/user/9/gift.html]
[forum.ebxtalk.org/post/13/quote/6.html]
[forum.ebxtalk.org/post/28/quote/6.html]
[forum.ebxtalk.org/post/38/quote/6.html]
[forum.ebxtalk.org/thread/6/ryan2f1f.html]
[forum.ebxtalk.org/thread/4/hello2679.html]
[forum.ebxtalk.org/thread/4/%page_url%.html]
[forum.ebxtalk.org/post/new/4.html]
[forum.ebxtalk.org/post/8/quote/4.html]
[forum.ebxtalk.org/board/7/%page_url%-2.html]
[forum.ebxtalk.org/thread/13/earthbucks-news-sites2679.html]
[forum.ebxtalk.org/thread/13/%page_url%.html]
[forum.ebxtalk.org/post/new/13.html]
[forum.ebxtalk.org/thread/17/introducing-earthbucks-12679.html]
[forum.ebxtalk.org/thread/17/%page_url%.html]
[forum.ebxtalk.org/post/new/17.html]
[forum.ebxtalk.org/thread/16/earthbucks-p2p-network-bch-wallet2679.html]
[forum.ebxtalk.org/thread/16/%page_url%.html]
[forum.ebxtalk.org/post/new/16.html]
[forum.ebxtalk.org/thread/15/free-joining-forum-first-users2679.html]
[forum.ebxtalk.org/thread/15/%page_url%.html]
[forum.ebxtalk.org/post/new/15.html]
[forum.ebxtalk.org/thread/9/why-decided-earn-more-money2679.html]
[forum.ebxtalk.org/thread/9/%page_url%.html]
[forum.ebxtalk.org/post/new/9.html]
[forum.ebxtalk.org/post/40/quote/9.html]
[forum.ebxtalk.org/post/46/quote/9.html]
[forum.ebxtalk.org/post/52/quote/9.html]
[forum.ebxtalk.org/post/58/quote/9.html]
[forum.ebxtalk.org/thread/11/solution-rare-block-problem2679.html]
[forum.ebxtalk.org/thread/11/%page_url%.html]
[forum.ebxtalk.org/post/new/11.html]
[forum.ebxtalk.org/post/57/quote/11.html]
[forum.ebxtalk.org/thread/10/building-ai-app-next-earthbucks2679.html]
[forum.ebxtalk.org/thread/10/%page_url%.html]
[forum.ebxtalk.org/post/new/10.html]
[forum.ebxtalk.org/post/41/quote/10.html]
[forum.ebxtalk.org/board/9/%page_url%-2.html]
[forum.ebxtalk.org/board/5/%page_url%-2.html]
[forum.ebxtalk.org/thread/12/ebx-talk-discord2679.html]
[forum.ebxtalk.org/thread/12/%page_url%.html]
[forum.ebxtalk.org/post/new/12.html]
[forum.ebxtalk.org/post/59/quote/12.html]
[forum.ebxtalk.org/attachment/download/2.html]
[forum.ebxtalk.org/attachment/download/4.html]
[forum.ebxtalk.org/attachment/download/3.html]
[forum.ebxtalk.org/thread/14/ebx-talk-phone-alerts2679.html]
[forum.ebxtalk.org/thread/14/%page_url%.html]
[forum.ebxtalk.org/post/new/14.html]
[forum.ebxtalk.org/board/3/%page_url%-2.html]
[forum.ebxtalk.org/user/%page_url%-2.html]
[forum.ebxtalk.org/thread/3/%page_url%-2.html]
[forum.ebxtalk.org/thread/3/%page_url%4658.html]
[forum.ebxtalk.org/thread/3/%page_url%9ba9.html]
[forum.ebxtalk.org/post/new/%page_url%.html]
[forum.ebxtalk.org/post/3/quote/%page_url%.html]
[forum.ebxtalk.org/user/1/%page_url%.html]
[forum.ebxtalk.org/post/4/quote/%page_url%.html]
[forum.ebxtalk.org/user/3/%page_url%.html]
[forum.ebxtalk.org/post/5/quote/%page_url%.html]
[forum.ebxtalk.org/post/6/quote/%page_url%.html]
[forum.ebxtalk.org/user/4/%page_url%.html]
[forum.ebxtalk.org/post/7/quote/%page_url%.html]
[forum.ebxtalk.org/user/6/%page_url%.html]
[forum.ebxtalk.org/post/10/quote/%page_url%.html]
[forum.ebxtalk.org/user/8/%page_url%.html]
[forum.ebxtalk.org/post/11/quote/%page_url%.html]
[forum.ebxtalk.org/post/14/quote/%page_url%.html]
[forum.ebxtalk.org/user/2/%page_url%.html]
[forum.ebxtalk.org/post/15/quote/%page_url%.html]
[forum.ebxtalk.org/user/11/%page_url%.html]
[forum.ebxtalk.org/post/16/quote/%page_url%.html]
[forum.ebxtalk.org/user/13/%page_url%.html]
[forum.ebxtalk.org/post/17/quote/%page_url%.html]
[forum.ebxtalk.org/user/14/%page_url%.html]
[forum.ebxtalk.org/post/19/quote/%page_url%.html]
[forum.ebxtalk.org/user/15/%page_url%.html]
[forum.ebxtalk.org/post/21/quote/%page_url%.html]
[forum.ebxtalk.org/user/16/%page_url%.html]
[forum.ebxtalk.org/post/23/quote/%page_url%.html]
[forum.ebxtalk.org/user/17/%page_url%.html]
[forum.ebxtalk.org/post/24/quote/%page_url%.html]
[forum.ebxtalk.org/user/18/%page_url%.html]
[forum.ebxtalk.org/thread/19/%page_url%-2.html]
[forum.ebxtalk.org/post/76/quote/%page_url%.html]
[forum.ebxtalk.org/thread/5/%page_url%-2.html]
[forum.ebxtalk.org/post/9/quote/%page_url%.html]
[forum.ebxtalk.org/post/18/quote/%page_url%.html]
[forum.ebxtalk.org/post/20/quote/%page_url%.html]
[forum.ebxtalk.org/user/5/%page_url%.html]
[forum.ebxtalk.org/post/50/quote/%page_url%.html]
[forum.ebxtalk.org/posts/recent2679.html]
[forum.ebxtalk.org/post/75/quote/%page_url%.html]
[forum.ebxtalk.org/user/33/%page_url%.html]
[forum.ebxtalk.org/post/74/quote/%page_url%.html]
[forum.ebxtalk.org/post/73/quote/%page_url%.html]
[forum.ebxtalk.org/post/72/quote/%page_url%.html]
[forum.ebxtalk.org/post/71/quote/%page_url%.html]
[forum.ebxtalk.org/post/70/quote/%page_url%.html]
[forum.ebxtalk.org/attachment/download/%page_url%.html]
[forum.ebxtalk.org/post/69/quote/%page_url%.html]
[forum.ebxtalk.org/post/68/quote/%page_url%.html]
[forum.ebxtalk.org/post/67/quote/%page_url%.html]
[forum.ebxtalk.org/post/66/quote/%page_url%.html]
[forum.ebxtalk.org/user/26/%page_url%.html]
[forum.ebxtalk.org/post/65/quote/%page_url%.html]
[forum.ebxtalk.org/post/64/quote/%page_url%.html]
[forum.ebxtalk.org/user/27/%page_url%.html]
[forum.ebxtalk.org/post/63/quote/%page_url%.html]
[forum.ebxtalk.org/post/62/quote/%page_url%.html]
[forum.ebxtalk.org/thread/18/%page_url%-2.html]
[forum.ebxtalk.org/thread/new/%page_url%-2.html]
[forum.ebxtalk.org/thread/2/%page_url%-2.html]
[forum.ebxtalk.org/post/2/quote/%page_url%.html]
[forum.ebxtalk.org/thread/7/%page_url%-2.html]
[forum.ebxtalk.org/post/22/quote/%page_url%.html]
[forum.ebxtalk.org/post/25/quote/%page_url%.html]
[forum.ebxtalk.org/user/19/%page_url%.html]
[forum.ebxtalk.org/post/26/quote/%page_url%.html]
[forum.ebxtalk.org/post/27/quote/%page_url%.html]
[forum.ebxtalk.org/user/20/%page_url%.html]
[forum.ebxtalk.org/post/29/quote/%page_url%.html]
[forum.ebxtalk.org/user/21/%page_url%.html]
[forum.ebxtalk.org/post/30/quote/%page_url%.html]
[forum.ebxtalk.org/post/31/quote/%page_url%.html]
[forum.ebxtalk.org/user/10/%page_url%.html]
[forum.ebxtalk.org/post/32/quote/%page_url%.html]
[forum.ebxtalk.org/post/33/quote/%page_url%.html]
[forum.ebxtalk.org/user/22/%page_url%.html]
[forum.ebxtalk.org/post/35/quote/%page_url%.html]
[forum.ebxtalk.org/user/23/%page_url%.html]
[forum.ebxtalk.org/post/39/quote/%page_url%.html]
[forum.ebxtalk.org/user/25/%page_url%.html]
[forum.ebxtalk.org/post/47/quote/%page_url%.html]
[forum.ebxtalk.org/post/51/quote/%page_url%.html]
[forum.ebxtalk.org/user/29/%page_url%.html]
[forum.ebxtalk.org/post/55/quote/%page_url%.html]
[forum.ebxtalk.org/user/32/%page_url%.html]
[forum.ebxtalk.org/post/56/quote/%page_url%.html]
[forum.ebxtalk.org/user/31/%page_url%.html]
[forum.ebxtalk.org/thread/8/%page_url%-2.html]
[forum.ebxtalk.org/post/34/quote/%page_url%.html]
[forum.ebxtalk.org/post/36/quote/%page_url%.html]
[forum.ebxtalk.org/post/37/quote/%page_url%.html]
[forum.ebxtalk.org/post/42/quote/%page_url%.html]
[forum.ebxtalk.org/post/43/quote/%page_url%.html]
[forum.ebxtalk.org/post/44/quote/%page_url%.html]
[forum.ebxtalk.org/post/45/quote/%page_url%.html]
[forum.ebxtalk.org/post/48/quote/%page_url%.html]
[forum.ebxtalk.org/post/49/quote/%page_url%.html]
[forum.ebxtalk.org/post/53/quote/%page_url%.html]
[forum.ebxtalk.org/post/54/quote/%page_url%.html]
[forum.ebxtalk.org/user/30/%page_url%.html]
[forum.ebxtalk.org/thread/6/%page_url%-2.html]
[forum.ebxtalk.org/post/12/quote/%page_url%.html]
[forum.ebxtalk.org/user/9/%page_url%.html]
[forum.ebxtalk.org/post/13/quote/%page_url%.html]
[forum.ebxtalk.org/post/28/quote/%page_url%.html]
[forum.ebxtalk.org/post/38/quote/%page_url%.html]
[forum.ebxtalk.org/thread/4/%page_url%-2.html]
[forum.ebxtalk.org/post/8/quote/%page_url%.html]
[forum.ebxtalk.org/thread/13/%page_url%-2.html]
[forum.ebxtalk.org/thread/17/%page_url%-2.html]
[forum.ebxtalk.org/thread/16/%page_url%-2.html]
[forum.ebxtalk.org/thread/15/%page_url%-2.html]
[forum.ebxtalk.org/thread/9/%page_url%-2.html]
[forum.ebxtalk.org/post/40/quote/%page_url%.html]
[forum.ebxtalk.org/post/46/quote/%page_url%.html]
[forum.ebxtalk.org/post/52/quote/%page_url%.html]
[forum.ebxtalk.org/post/58/quote/%page_url%.html]
[forum.ebxtalk.org/thread/11/%page_url%-2.html]
[forum.ebxtalk.org/post/57/quote/%page_url%.html]
[forum.ebxtalk.org/thread/10/%page_url%-2.html]
[forum.ebxtalk.org/post/41/quote/%page_url%.html]
[forum.ebxtalk.org/thread/12/%page_url%-2.html]
[forum.ebxtalk.org/post/59/quote/%page_url%.html]
[forum.ebxtalk.org/thread/14/%page_url%-2.html]
[forum.ebxtalk.org/thread/3/%page_url%2679.html]
[forum.ebxtalk.org/post/new/%page_url%-2.html]
[forum.ebxtalk.org/post/3/quote/%page_url%-2.html]
[forum.ebxtalk.org/user/1/%page_url%-2.html]
[forum.ebxtalk.org/post/4/quote/%page_url%-2.html]
[forum.ebxtalk.org/user/3/%page_url%-2.html]
[forum.ebxtalk.org/post/5/quote/%page_url%-2.html]
[forum.ebxtalk.org/post/6/quote/%page_url%-2.html]
[forum.ebxtalk.org/user/4/%page_url%-2.html]
[forum.ebxtalk.org/post/7/quote/%page_url%-2.html]
[forum.ebxtalk.org/user/6/%page_url%-2.html]
[forum.ebxtalk.org/post/10/quote/%page_url%-2.html]
[forum.ebxtalk.org/user/8/%page_url%-2.html]
[forum.ebxtalk.org/post/11/quote/%page_url%-2.html]
[forum.ebxtalk.org/post/14/quote/%page_url%-2.html]
[forum.ebxtalk.org/user/2/%page_url%-2.html]
[forum.ebxtalk.org/post/15/quote/%page_url%-2.html]
[forum.ebxtalk.org/user/11/%page_url%-2.html]
[forum.ebxtalk.org/post/16/quote/%page_url%-2.html]
[forum.ebxtalk.org/user/13/%page_url%-2.html]
[forum.ebxtalk.org/post/17/quote/%page_url%-2.html]
[forum.ebxtalk.org/user/14/%page_url%-2.html]
[forum.ebxtalk.org/post/19/quote/%page_url%-2.html]
[forum.ebxtalk.org/user/15/%page_url%-2.html]
[forum.ebxtalk.org/post/21/quote/%page_url%-2.html]
[forum.ebxtalk.org/user/16/%page_url%-2.html]
[forum.ebxtalk.org/post/23/quote/%page_url%-2.html]
[forum.ebxtalk.org/user/17/%page_url%-2.html]
[forum.ebxtalk.org/post/24/quote/%page_url%-2.html]
[forum.ebxtalk.org/user/18/%page_url%-2.html]
[forum.ebxtalk.org/post/76/quote/%page_url%-2.html]
[forum.ebxtalk.org/post/9/quote/%page_url%-2.html]
[forum.ebxtalk.org/post/18/quote/%page_url%-2.html]
[forum.ebxtalk.org/post/20/quote/%page_url%-2.html]
[forum.ebxtalk.org/user/5/%page_url%-2.html]
[forum.ebxtalk.org/post/50/quote/%page_url%-2.html]
[forum.ebxtalk.org/post/75/quote/%page_url%-2.html]
[forum.ebxtalk.org/user/33/%page_url%-2.html]
[forum.ebxtalk.org/post/74/quote/%page_url%-2.html]
[forum.ebxtalk.org/post/73/quote/%page_url%-2.html]
[forum.ebxtalk.org/post/72/quote/%page_url%-2.html]
[forum.ebxtalk.org/post/71/quote/%page_url%-2.html]
[forum.ebxtalk.org/post/70/quote/%page_url%-2.html]
[forum.ebxtalk.org/attachment/download/%page_url%-2.html]
[forum.ebxtalk.org/post/69/quote/%page_url%-2.html]
[forum.ebxtalk.org/post/68/quote/%page_url%-2.html]
[forum.ebxtalk.org/post/67/quote/%page_url%-2.html]
[forum.ebxtalk.org/post/66/quote/%page_url%-2.html]
[forum.ebxtalk.org/user/26/%page_url%-2.html]
[forum.ebxtalk.org/post/65/quote/%page_url%-2.html]
[forum.ebxtalk.org/post/64/quote/%page_url%-2.html]
[forum.ebxtalk.org/user/27/%page_url%-2.html]
[forum.ebxtalk.org/post/63/quote/%page_url%-2.html]
[forum.ebxtalk.org/post/62/quote/%page_url%-2.html]
[forum.ebxtalk.org/post/2/quote/%page_url%-2.html]
[forum.ebxtalk.org/post/22/quote/%page_url%-2.html]
[forum.ebxtalk.org/post/25/quote/%page_url%-2.html]
[forum.ebxtalk.org/user/19/%page_url%-2.html]
[forum.ebxtalk.org/post/26/quote/%page_url%-2.html]
[forum.ebxtalk.org/post/27/quote/%page_url%-2.html]
[forum.ebxtalk.org/user/20/%page_url%-2.html]
[forum.ebxtalk.org/post/29/quote/%page_url%-2.html]
[forum.ebxtalk.org/user/21/%page_url%-2.html]
[forum.ebxtalk.org/post/30/quote/%page_url%-2.html]
[forum.ebxtalk.org/post/31/quote/%page_url%-2.html]
[forum.ebxtalk.org/user/10/%page_url%-2.html]
[forum.ebxtalk.org/post/32/quote/%page_url%-2.html]
[forum.ebxtalk.org/post/33/quote/%page_url%-2.html]
[forum.ebxtalk.org/user/22/%page_url%-2.html]
[forum.ebxtalk.org/post/35/quote/%page_url%-2.html]
[forum.ebxtalk.org/user/23/%page_url%-2.html]
[forum.ebxtalk.org/post/39/quote/%page_url%-2.html]
[forum.ebxtalk.org/user/25/%page_url%-2.html]
[forum.ebxtalk.org/post/47/quote/%page_url%-2.html]
[forum.ebxtalk.org/post/51/quote/%page_url%-2.html]
[forum.ebxtalk.org/user/29/%page_url%-2.html]
[forum.ebxtalk.org/post/55/quote/%page_url%-2.html]
[forum.ebxtalk.org/user/32/%page_url%-2.html]
[forum.ebxtalk.org/post/56/quote/%page_url%-2.html]
[forum.ebxtalk.org/user/31/%page_url%-2.html]
[forum.ebxtalk.org/post/34/quote/%page_url%-2.html]
[forum.ebxtalk.org/post/36/quote/%page_url%-2.html]
[forum.ebxtalk.org/post/37/quote/%page_url%-2.html]
[forum.ebxtalk.org/post/42/quote/%page_url%-2.html]
[forum.ebxtalk.org/post/43/quote/%page_url%-2.html]
[forum.ebxtalk.org/post/44/quote/%page_url%-2.html]
[forum.ebxtalk.org/post/45/quote/%page_url%-2.html]
[forum.ebxtalk.org/post/48/quote/%page_url%-2.html]
[forum.ebxtalk.org/post/49/quote/%page_url%-2.html]
[forum.ebxtalk.org/post/53/quote/%page_url%-2.html]
[forum.ebxtalk.org/post/54/quote/%page_url%-2.html]
[forum.ebxtalk.org/user/30/%page_url%-2.html]
[forum.ebxtalk.org/post/12/quote/%page_url%-2.html]
[forum.ebxtalk.org/user/9/%page_url%-2.html]
[forum.ebxtalk.org/post/13/quote/%page_url%-2.html]
[forum.ebxtalk.org/post/28/quote/%page_url%-2.html]
[forum.ebxtalk.org/post/38/quote/%page_url%-2.html]
[forum.ebxtalk.org/post/8/quote/%page_url%-2.html]
[forum.ebxtalk.org/post/40/quote/%page_url%-2.html]
[forum.ebxtalk.org/post/46/quote/%page_url%-2.html]
[forum.ebxtalk.org/post/52/quote/%page_url%-2.html]
[forum.ebxtalk.org/post/58/quote/%page_url%-2.html]
[forum.ebxtalk.org/post/57/quote/%page_url%-2.html]
[forum.ebxtalk.org/post/41/quote/%page_url%-2.html]
[forum.ebxtalk.org/post/59/quote/%page_url%-2.html]
